#
# There is insufficient memory for the Java Runtime Environment to continue.
# Native memory allocation (mmap) failed to map 268435456 bytes. Error detail: G1 virtual space
# Possible reasons:
#   The system is out of physical RAM or swap space
#   This process is running with CompressedOops enabled, and the Java Heap may be blocking the growth of the native heap
# Possible solutions:
#   Reduce memory load on the system
#   Increase physical memory or swap space
#   Check if swap backing store is full
#   Decrease Java heap size (-Xmx/-Xms)
#   Decrease number of Java threads
#   Decrease Java thread stack sizes (-Xss)
#   Set larger code cache with -XX:ReservedCodeCacheSize=
#   JVM is running with Zero Based Compressed Oops mode in which the Java heap is
#     placed in the first 32GB address space. The Java Heap base address is the
#     maximum limit for the native heap growth. Please use -XX:HeapBaseMinAddress
#     to set the Java Heap base and to place the Java Heap above 32GB virtual address.
# This output file may be truncated or incomplete.
#
#  Out of Memory Error (os_windows.cpp:3564), pid=23516, tid=5560
#
# JRE version:  (24.0.1+9) (build )
# Java VM: OpenJDK 64-Bit Server VM (24.0.1+9-30, mixed mode, sharing, tiered, compressed oops, compressed class ptrs, g1 gc, windows-amd64)
# No core dump will be written. Minidumps are not enabled by default on client versions of Windows
#

---------------  S U M M A R Y ------------

Command Line: -javaagent:C:\Program Files\JetBrains\IntelliJ IDEA Community Edition 2025.1.4.1\lib\idea_rt.jar=55983 -Dfile.encoding=UTF-8 -Dsun.stdout.encoding=UTF-8 -Dsun.stderr.encoding=UTF-8 org.example.Main

Host: Intel(R) Core(TM) i5-8350U CPU @ 1.70GHz, 8 cores, 15G,  Windows 11 , 64 bit Build 26100 (10.0.26100.8246)
Time: Mon Aug 17 17:40:59 2026 Egypt Daylight Time elapsed time: 1.063624 seconds (0d 0h 0m 1s)

---------------  T H R E A D  ---------------

Current thread (0x000001bb52300920):  JavaThread "Unknown thread" [_thread_in_vm, id=5560, stack(0x00000051cc600000,0x00000051cc700000) (1024K)]

Stack: [0x00000051cc600000,0x00000051cc700000]
Native frames: (J=compiled Java code, j=interpreted, Vv=VM code, C=native code)
V  [jvm.dll+0x730739]  (no source info available)
V  [jvm.dll+0x8d9b23]  (no source info available)
V  [jvm.dll+0x8dc00d]  (no source info available)
V  [jvm.dll+0x8dc683]  (no source info available)
V  [jvm.dll+0x2aa086]  (no source info available)
V  [jvm.dll+0x72cc65]  (no source info available)
V  [jvm.dll+0x72059a]  (no source info available)
V  [jvm.dll+0x390cea]  (no source info available)
V  [jvm.dll+0x3989f6]  (no source info available)
V  [jvm.dll+0x38523e]  (no source info available)
V  [jvm.dll+0x3854f8]  (no source info available)
V  [jvm.dll+0x35d0cc]  (no source info available)
V  [jvm.dll+0x35dd8d]  (no source info available)
V  [jvm.dll+0x89d28f]  (no source info available)
V  [jvm.dll+0x3f985d]  (no source info available)
V  [jvm.dll+0x8858e6]  (no source info available)
V  [jvm.dll+0x495f3e]  (no source info available)
V  [jvm.dll+0x497d11]  (no source info available)
C  [jli.dll+0x52a1]  (no source info available)
C  [ucrtbase.dll+0x37b0]  (no source info available)
C  [KERNEL32.DLL+0x2e8d7]  (no source info available)
C  [ntdll.dll+0x8c3fc]  (no source info available)

Lock stack of current Java thread (top to bottom):


---------------  P R O C E S S  ---------------

Threads class SMR info:
_java_thread_list=0x00007fface31f318, length=0, elements={
}

Java Threads: ( => current thread )
Total: 0

Other Threads:
  0x000001bb546f34f0 WorkerThread "GC Thread#0"                     [id=17092, stack(0x00000051cc700000,0x00000051cc800000) (1024K)]
  0x000001bb547091c0 ConcurrentGCThread "G1 Main Marker"            [id=15376, stack(0x00000051cc800000,0x00000051cc900000) (1024K)]
  0x000001bb5470a470 WorkerThread "G1 Conc#0"                       [id=21168, stack(0x00000051cc900000,0x00000051cca00000) (1024K)]

[error occurred during error reporting (printing all threads), id 0xc0000005, EXCEPTION_ACCESS_VIOLATION (0xc0000005) at pc=0x00007ffacda514ea]
VM state: not at safepoint (not fully initialized)

VM Mutex/Monitor currently owned by a thread:  ([mutex/lock_event])
[0x00007fface3a45b0] Heap_lock - owner thread: 0x000001bb52300920

Heap address: 0x0000000701e00000, size: 4066 MB, Compressed Oops mode: Zero based, Oop shift amount: 3

CDS archive(s) mapped at: [0x0000000000000000-0x0000000000000000-0x0000000000000000), size 0, SharedBaseAddress: 0x0000000800000000, ArchiveRelocationMode: 1.
UseCompressedClassPointers 1, UseCompactObjectHeaders 0
Narrow klass pointer bits 32, Max shift 3
Narrow klass base: 0xffffffffffffffff, Narrow klass shift: -1
Encoding Range: [0xffffffffffffffff - 0x000000007fffffff), (2147483648 bytes)
Klass Range:    [0x0000000000000000 - 0x0000000000000000), (0 bytes)
Klass ID Range:  [4294967295 - 0) (1)

GC Precious Log:
 CardTable entry size: 512
 Card Set container configuration: InlinePtr #cards 4 size 8 Array Of Cards #cards 16 size 48 Howl #buckets 8 coarsen threshold 3686 Howl Bitmap #cards 512 size 80 coarsen threshold 460 Card regions per heap region 1 cards per card region 4096

Heap:
 garbage-first heap   total reserved 4163584K, committed 0K, used 0K [0x0000000701e00000, 0x0000000800000000)
  region size 2048K, 0 young (0K), 0 survivors (0K)

[error occurred during error reporting (printing heap information), id 0xc0000005, EXCEPTION_ACCESS_VIOLATION (0xc0000005) at pc=0x00007ffacde6e3e9]
GC Heap History (0 events):
No events

Dll operation events (1 events):
Event: 0.032 Loaded shared library C:\Users\Azer\.jdks\openjdk-24.0.1\bin\java.dll

Deoptimization events (0 events):
No events

Classes loaded (0 events):
No events

Classes unloaded (0 events):
No events

Classes redefined (0 events):
No events

Internal exceptions (0 events):
No events

VM Operations (0 events):
No events

Memory protections (0 events):
No events

Nmethod flushes (0 events):
No events

Events (0 events):
No events


Dynamic libraries:
0x00007ff7cbcd0000 - 0x00007ff7cbcde000 	C:\Users\Azer\.jdks\openjdk-24.0.1\bin\java.exe
0x00007ffb3ec00000 - 0x00007ffb3ee67000 	C:\WINDOWS\SYSTEM32\ntdll.dll
0x00007ffb3e6f0000 - 0x00007ffb3e7b9000 	C:\WINDOWS\System32\KERNEL32.DLL
0x00007ffb3b4d0000 - 0x00007ffb3b8c4000 	C:\WINDOWS\System32\KERNELBASE.dll
0x00007ffb3c5d0000 - 0x00007ffb3c71b000 	C:\WINDOWS\System32\ucrtbase.dll
0x00007ffb2d770000 - 0x00007ffb2d786000 	C:\Users\Azer\.jdks\openjdk-24.0.1\bin\jli.dll
0x00007ffb14050000 - 0x00007ffb1406b000 	C:\Users\Azer\.jdks\openjdk-24.0.1\bin\VCRUNTIME140.dll
0x00007ffb3e410000 - 0x00007ffb3e5d5000 	C:\WINDOWS\System32\USER32.dll
0x00007ffb28fc0000 - 0x00007ffb29253000 	C:\WINDOWS\WinSxS\amd64_microsoft.windows.common-controls_6595b64144ccf1df_6.0.26100.8115_none_3e075c82e3354f9c\COMCTL32.dll
0x00007ffb3c7e0000 - 0x00007ffb3c807000 	C:\WINDOWS\System32\win32u.dll
0x00007ffb3e190000 - 0x00007ffb3e239000 	C:\WINDOWS\System32\msvcrt.dll
0x00007ffb3d9f0000 - 0x00007ffb3da1b000 	C:\WINDOWS\System32\GDI32.dll
0x00007ffb3b980000 - 0x00007ffb3baab000 	C:\WINDOWS\System32\gdi32full.dll
0x00007ffb3bc20000 - 0x00007ffb3bcc3000 	C:\WINDOWS\System32\msvcp_win.dll
0x00007ffb3ce20000 - 0x00007ffb3ce52000 	C:\WINDOWS\System32\IMM32.DLL
0x00007ffb366d0000 - 0x00007ffb366dc000 	C:\Users\Azer\.jdks\openjdk-24.0.1\bin\vcruntime140_1.dll
0x00007ffade850000 - 0x00007ffade8de000 	C:\Users\Azer\.jdks\openjdk-24.0.1\bin\msvcp140.dll
0x00007ffacd6e0000 - 0x00007fface482000 	C:\Users\Azer\.jdks\openjdk-24.0.1\bin\server\jvm.dll
0x00007ffb3d7b0000 - 0x00007ffb3d866000 	C:\WINDOWS\System32\ADVAPI32.dll
0x00007ffb3e240000 - 0x00007ffb3e2e7000 	C:\WINDOWS\System32\sechost.dll
0x00007ffb3ce60000 - 0x00007ffb3cf78000 	C:\WINDOWS\System32\RPCRT4.dll
0x00007ffb3d3e0000 - 0x00007ffb3d460000 	C:\WINDOWS\System32\WS2_32.dll
0x00007ffb3b350000 - 0x00007ffb3b3ae000 	C:\WINDOWS\SYSTEM32\POWRPROF.dll
0x00007ffb2d490000 - 0x00007ffb2d4c6000 	C:\WINDOWS\SYSTEM32\WINMM.dll
0x00007ffb34b60000 - 0x00007ffb34b6b000 	C:\WINDOWS\SYSTEM32\VERSION.dll
0x00007ffb3b330000 - 0x00007ffb3b344000 	C:\WINDOWS\SYSTEM32\UMPDC.dll
0x00007ffb3a220000 - 0x00007ffb3a23b000 	C:\WINDOWS\SYSTEM32\kernel.appcore.dll
0x00007ffb14040000 - 0x00007ffb1404a000 	C:\Users\Azer\.jdks\openjdk-24.0.1\bin\jimage.dll
0x00007ffb39250000 - 0x00007ffb39492000 	C:\WINDOWS\SYSTEM32\DBGHELP.DLL
0x00007ffb3e7c0000 - 0x00007ffb3eb42000 	C:\WINDOWS\System32\combase.dll
0x00007ffb3d6d0000 - 0x00007ffb3d7a8000 	C:\WINDOWS\System32\OLEAUT32.dll
0x00007ffb24ec0000 - 0x00007ffb24efb000 	C:\WINDOWS\SYSTEM32\dbgcore.DLL
0x00007ffb3b8d0000 - 0x00007ffb3b975000 	C:\WINDOWS\System32\bcryptPrimitives.dll
0x00007ffb14030000 - 0x00007ffb1403f000 	C:\Users\Azer\.jdks\openjdk-24.0.1\bin\instrument.dll
0x00007ffb110b0000 - 0x00007ffb110ce000 	C:\Users\Azer\.jdks\openjdk-24.0.1\bin\java.dll
0x00007ffb3d240000 - 0x00007ffb3d3d7000 	C:\WINDOWS\System32\ole32.dll
0x00007ffb3da20000 - 0x00007ffb3e187000 	C:\WINDOWS\System32\SHELL32.dll
0x00007ffb3bab0000 - 0x00007ffb3bc1a000 	C:\WINDOWS\System32\wintypes.dll

JVMTI agents:
C:\Program Files\JetBrains\IntelliJ IDEA Community Edition 2025.1.4.1\lib\idea_rt.jar path:none, loaded, not initialized, instrumentlib options:55983

dbghelp: loaded successfully - version: 4.0.5 - missing functions: none
symbol engine: initialized successfully - sym options: 0x614 - pdb path: .;C:\Users\Azer\.jdks\openjdk-24.0.1\bin;C:\WINDOWS\SYSTEM32;C:\WINDOWS\WinSxS\amd64_microsoft.windows.common-controls_6595b64144ccf1df_6.0.26100.8115_none_3e075c82e3354f9c;C:\Users\Azer\.jdks\openjdk-24.0.1\bin\server

VM Arguments:
jvm_args: -javaagent:C:\Program Files\JetBrains\IntelliJ IDEA Community Edition 2025.1.4.1\lib\idea_rt.jar=55983 -Dfile.encoding=UTF-8 -Dsun.stdout.encoding=UTF-8 -Dsun.stderr.encoding=UTF-8 
java_command: org.example.Main
java_class_path (initial): C:\Users\Azer\IdeaProjects\AutomationExercise\target\classes;C:\Users\Azer\.m2\repository\org\seleniumhq\selenium\selenium-java\4.34.0\selenium-java-4.34.0.jar;C:\Users\Azer\.m2\repository\org\seleniumhq\selenium\selenium-api\4.34.0\selenium-api-4.34.0.jar;C:\Users\Azer\.m2\repository\org\jspecify\jspecify\1.0.0\jspecify-1.0.0.jar;C:\Users\Azer\.m2\repository\org\seleniumhq\selenium\selenium-chrome-driver\4.34.0\selenium-chrome-driver-4.34.0.jar;C:\Users\Azer\.m2\repository\com\google\auto\service\auto-service-annotations\1.1.1\auto-service-annotations-1.1.1.jar;C:\Users\Azer\.m2\repository\org\seleniumhq\selenium\selenium-chromium-driver\4.34.0\selenium-chromium-driver-4.34.0.jar;C:\Users\Azer\.m2\repository\org\seleniumhq\selenium\selenium-json\4.34.0\selenium-json-4.34.0.jar;C:\Users\Azer\.m2\repository\org\seleniumhq\selenium\selenium-manager\4.34.0\selenium-manager-4.34.0.jar;C:\Users\Azer\.m2\repository\org\seleniumhq\selenium\selenium-devtools-v136\4.34.0\selenium-devtools-v136-4.34.0.jar;C:\Users\Azer\.m2\repository\org\seleniumhq\selenium\selenium-devtools-v137\4.34.0\selenium-devtools-v137-4.34.0.jar;C:\Users\Azer\.m2\repository\org\seleniumhq\selenium\selenium-devtools-v138\4.34.0\selenium-devtools-v138-4.34.0.jar;C:\Users\Azer\.m2\repository\org\seleniumhq\selenium\selenium-edge-driver\4.34.0\selenium-edge-driver-4.34.0.jar;C:\Users\Azer\.m2\repository\org\seleniumhq\selenium\selenium-firefox-driver\4.34.0\selenium-firefox-driver-4.34.0.jar;C:\Users\Azer\.m2\repository\org\seleniumhq\selenium\selenium-http\4.34.0\selenium-http-4.34.0.jar;C:\Users\Azer\.m2\repository\org\seleniumhq\selenium\selenium-ie-driver\4.34.0\selenium-ie-driver-4.34.0.jar;C:\Users\Azer\.m2\repository\org\seleniumhq\selenium\selenium-remote-driver\4.34.0\selenium-remote-driver-4.34.0.jar;C:\Users\Azer\.m2\repository\com\google\guava\guava\33.4.8-jre\guava-33.4.8-jre.jar;C:\Users\Azer\.m2\repository\com\google\guava\failureaccess\1.0.3\failureaccess-1.0.3.jar;C:\Users\Azer\.m2\repository\com\google\guava\listenablefuture\9999.0-empty-to-avoid-conflict-with-guava\listenablefuture-9999.0-empty-to-avoid-conflict-with-guava.jar;C:\Users\Azer\.m2\repository\com\google\j2objc\j2objc-annotations\3.0.0\j2objc-annotations-3.0.0.jar;C:\Users\Azer\.m2\repository\io\opentelemetry\opentelemetry-api\1.51.0\opentelemetry-api-1.51.0.jar;C:\Users\Azer\.m2\repository\io\opentelemetry\opentelemetry-context\1.51.0\opentelemetry-context-1.51.0.jar;C:\Users\Azer\.m2\repository\io\opentelemetry\opentelemetry-exporter-logging\1.51.0\opentelemetry-exporter-logging-1.51.0.jar;C:\Users\Azer\.m2\repository\io\opentelemetry\opentelemetry-sdk-common\1.51.0\opentelemetry-sdk-common-1.51.0.jar;C:\Users\Azer\.m2\repository\io\opentelemetry\opentelemetry-sdk-extension-autoconfigure-spi\1.51.0\opentelemetry-sdk-extension-autoconfigure-spi-1.51.0.jar;C:\Users\Azer\.m2\repository\io\opentelemetry\opentelemetry-sdk-extension-autoconfigure\1.51.0\opentelemetry-sdk-extension-autoconfigure-1.51.0.jar;C:\Users\Azer\.m2\repository\io\opentelemetry\opentelemetry-sdk-trace\1.51.0\opentelemetry-sdk-trace-1.51.0.jar;C:\Users\Azer\.m2\repository\io\opentelemetry\opentelemetry-sdk\1.51.0\opentelemetry-sdk-1.51.0.jar;C:\Users\Azer\.m2\repository\io\opentelemetry\opentelemetry-sdk-metrics\1.51.0\opentelemetry-sdk-metrics-1.51.0.jar;C:\Users\Azer\.m2\repository\io\opentelemetry\opentelemetry-sdk-logs\1.51.0\opentelemetry-sdk-logs-1.51.0.jar;C:\Users\Azer\.m2\repository\net\bytebuddy\byte-buddy\1.17.6\byte-buddy-1.17.6.jar;C:\Users\Azer\.m2\repository\org\seleniumhq\selenium\selenium-os\4.34.0\selenium-os-4.34.0.jar;C:\Users\Azer\.m2\repository\org\apache\commons\commons-exec\1.5.0\commons-exec-1.5.0.jar;C:\Users\Azer\.m2\repository\org\seleniumhq\selenium\selenium-safari-driver\4.34.0\selenium-safari-driver-4.34.0.jar;C:\Users\Azer\.m2\repository\org\seleniumhq\selenium\selenium-support\4.34.0\selenium-support-4.34.0.jar;C:\Users\Azer\.m2\repository\io\github\bonigarcia\webdrivermanager\5.9.2\webdrivermanager-5.9.2.jar;C:\Users\Azer\.m2\repository\org\slf4j\slf4j-api\2.0.13\slf4j-api-2.0.13.jar;C:\Users\Azer\.m2\repository\com\google\code\gson\gson\2.11.0\gson-2.11.0.jar;C:\Users\Azer\.m2\repository\com\google\errorprone\error_prone_annotations\2.27.0\error_prone_annotations-2.27.0.jar;C:\Users\Azer\.m2\repository\com\github\docker-java\docker-java\3.4.0\docker-java-3.4.0.jar;C:\Users\Azer\.m2\repository\com\github\docker-java\docker-java-core\3.4.0\docker-java-core-3.4.0.jar;C:\Users\Azer\.m2\repository\com\github\docker-java\docker-java-api\3.4.0\docker-java-api-3.4.0.jar;C:\Users\Azer\.m2\repository\com\fasterxml\jackson\core\jackson-annotations\2.10.3\jackson-annotations-2.10.3.jar;C:\Users\Azer\.m2\repository\com\fasterxml\jackson\core\jackson-databind\2.10.3\jackson-databind-2.10.3.jar;C:\Users\Azer\.m2\repository\com\fasterxml\jackson\core\jackson-core\2.10.3\jackson-core-2.10.3.jar;C:\Users\Azer\.m2\repository\org\slf4j\jcl-over-slf4j\1.7.30\jcl-over-slf4j-1.7.30.jar;C:\Users\Azer\.m2\repository\com\github\docker-java\docker-java-transport-httpclient5\3.4.0\docker-java-transport-httpclient5-3.4.0.jar;C:\Users\Azer\.m2\repository\com\github\docker-java\docker-java-transport\3.4.0\docker-java-transport-3.4.0.jar;C:\Users\Azer\.m2\repository\net\java\dev\jna\jna\5.13.0\jna-5.13.0.jar;C:\Users\Azer\.m2\repository\org\brotli\dec\0.1.2\dec-0.1.2.jar;C:\Users\Azer\.m2\repository\org\apache\commons\commons-lang3\3.15.0\commons-lang3-3.15.0.jar;C:\Users\Azer\.m2\repository\org\apache\commons\commons-compress\1.26.2\commons-compress-1.26.2.jar;C:\Users\Azer\.m2\repository\commons-codec\commons-codec\1.17.0\commons-codec-1.17.0.jar;C:\Users\Azer\.m2\repository\commons-io\commons-io\2.16.1\commons-io-2.16.1.jar;C:\Users\Azer\.m2\repository\org\apache\httpcomponents\client5\httpclient5\5.2.1\httpclient5-5.2.1.jar;C:\Users\Azer\.m2\repository\org\apache\httpcomponents\core5\httpcore5\5.2\httpcore5-5.2.jar;C:\Users\Azer\.m2\repository\org\apache\httpcomponents\core5\httpcore5-h2\5.2\httpcore5-h2-5.2.jar;C:\Users\Azer\.m2\repository\org\testng\testng\7.10.2\testng-7.10.2.jar;C:\Users\Azer\.m2\repository\com\beust\jcommander\1.82\jcommander-1.82.jar;C:\Users\Azer\.m2\repository\org\webjars\jquery\3.7.1\jquery-3.7.1.jar;C:\Users\Azer\.m2\repository\io\cucumber\cucumber-java\7.31.0\cucumber-java-7.31.0.jar;C:\Users\Azer\.m2\repository\io\cucumber\cucumber-core\7.31.0\cucumber-core-7.31.0.jar;C:\Users\Azer\.m2\repository\io\cucumber\cucumber-gherkin\7.31.0\cucumber-gherkin-7.31.0.jar;C:\Users\Azer\.m2\repository\io\cucumber\cucumber-gherkin-messages\7.31.0\cucumber-gherkin-messages-7.31.0.jar;C:\Users\Azer\.m2\repository\io\cucumber\gherkin\36.0.0\gherkin-36.0.0.jar;C:\Users\Azer\.m2\repository\io\cucumber\messages\30.1.0\messages-30.1.0.jar;C:\Users\Azer\.m2\repository\io\cucumber\pretty-formatter\2.4.0\pretty-formatter-2.4.0.jar;C:\Users\Azer\.m2\repository\io\cucumber\query\14.7.0\query-14.7.0.jar;C:\Users\Azer\.m2\repository\io\cucumber\teamcity-formatter\0.2.0\teamcity-formatter-0.2.0.jar;C:\Users\Azer\.m2\repository\io\cucumber\testng-xml-formatter\0.7.0\testng-xml-formatter-0.7.0.jar;C:\Users\Azer\.m2\repository\io\cucumber\usage-formatter\0.1.0\usage-formatter-0.1.0.jar;C:\Users\Azer\.m2\repository\io\cucumber\tag-expressions\8.0.0\tag-expressions-8.0.0.jar;C:\Users\Azer\.m2\repository\io\cucumber\cucumber-expressions\18.0.1\cucumber-expressions-18.0.1.jar;C:\Users\Azer\.m2\repository\io\cucumber\cucumber-json-formatter\0.3.0\cucumber-json-formatter-0.3.0.jar;C:\Users\Azer\.m2\repository\io\cucumber\datatable\7.31.0\datatable-7.31.0.jar;C:\Users\Azer\.m2\repository\io\cucumber\cucumber-plugin\7.31.0\cucumber-plugin-7.31.0.jar;C:\Users\Azer\.m2\repository\io\cucumber\docstring\7.31.0\docstring-7.31.0.jar;C:\Users\Azer\.m2\repository\io\cucumber\html-formatter\22.0.0\html-formatter-22.0.0.jar;C:\Users\Azer\.m2\repository\io\cucumber\junit-xml-formatter\0.10.0\junit-xml-formatter-0.10.0.jar;C:\Users\Azer\.m2\repository\io\cucumber\ci-environment\12.0.0\ci-environment-12.0.0.jar;C:\Users\Azer\.m2\repository\org\apiguardian\apiguardian-api\1.1.2\apiguardian-api-1.1.2.jar;C:\Users\Azer\.m2\repository\io\cucumber\cucumber-testng\7.31.0\cucumber-testng-7.31.0.jar
Launcher Type: SUN_STANDARD

[Global flags]
     intx CICompilerCount                          = 4                                         {product} {ergonomic}
     uint ConcGCThreads                            = 2                                         {product} {ergonomic}
     uint G1ConcRefinementThreads                  = 8                                         {product} {ergonomic}
   size_t G1HeapRegionSize                         = 2097152                                   {product} {ergonomic}
   size_t InitialHeapSize                          = 268435456                                 {product} {ergonomic}
   size_t MarkStackSize                            = 4194304                                   {product} {ergonomic}
   size_t MarkStackSizeMax                         = 536870912                                 {product} {ergonomic}
   size_t MaxHeapSize                              = 4263510016                                {product} {ergonomic}
   size_t MinHeapDeltaBytes                        = 2097152                                   {product} {ergonomic}
   size_t MinHeapSize                              = 8388608                                   {product} {ergonomic}
    uintx NonNMethodCodeHeapSize                   = 5832704                                {pd product} {ergonomic}
    uintx NonProfiledCodeHeapSize                  = 122945536                              {pd product} {ergonomic}
    uintx ProfiledCodeHeapSize                     = 122880000                              {pd product} {ergonomic}
    uintx ReservedCodeCacheSize                    = 251658240                              {pd product} {ergonomic}
     bool SegmentedCodeCache                       = true                                      {product} {ergonomic}
   size_t SoftMaxHeapSize                          = 4263510016                             {manageable} {ergonomic}
     bool UseCompressedOops                        = true                           {product lp64_product} {ergonomic}
     bool UseG1GC                                  = true                                      {product} {ergonomic}
     bool UseLargePagesIndividualAllocation        = false                                  {pd product} {ergonomic}

Logging:
Log output configuration:
 #0: stdout all=warning uptime,level,tags foldmultilines=false
 #1: stderr all=off uptime,level,tags foldmultilines=false

Environment Variables:
PATH=C:\Program Files (x86)\VMware\VMware Workstation\bin\;C:\Program Files\Common Files\Oracle\Java\javapath;C:\WINDOWS\system32;C:\WINDOWS;C:\WINDOWS\System32\Wbem;C:\WINDOWS\System32\WindowsPowerShell\v1.0\;C:\WINDOWS\System32\OpenSSH\;C:\Program Files\Microsoft VS Code\bin;C:\Program Files\Java\jdk-24\bin;C:\Program Files\Git\cmd;C:\Program Files\Git\bin;C:\Program Files\dotnet\;C:\Users\Azer\AppData\Local\Programs\Python\Python314\Scripts\;C:\Users\Azer\AppData\Local\Programs\Python\Python314\;C:\Program Files\MySQL\MySQL Shell 8.0\bin\;C:\Users\Azer\AppData\Local\Microsoft\WindowsApps;C:\Program Files\JetBrains\IntelliJ IDEA 2025.1.4.1\bin;;C:\Program Files\JetBrains\IntelliJ IDEA Community Edition 2025.1.4.1\bin;;C:\Users\Azer\Downloads\Compressed\ffmpeg-master-latest-win64-gpl-shared\ffmpeg-master-latest-win64-gpl-shared\bin;C:\PACH programs;C:\Users\Azer\AppData\Local\Microsoft\WinGet\Packages\DenoLand.Deno_Microsoft.Winget.Source_8wekyb3d8bbwe;C:\Users\Azer\AppData\Local\Microsoft\WinGet\Packages\yt-dlp.FFmpeg_Microsoft.Winget.Source_8wekyb3d8bbwe\ffmpeg-N-121583-g4348bde2d2-win64-gpl/bin;C:\Users\Azer\AppData\Local\Microsoft\WinGet\Packages\yt-dlp.yt-dlp_Microsoft.Winget.Source_8wekyb3d8bbwe;C:\Program Files (x86)\Nmap
USERNAME=Azer
OS=Windows_NT
PROCESSOR_IDENTIFIER=Intel64 Family 6 Model 142 Stepping 10, GenuineIntel
TMP=C:\Users\Azer\AppData\Local\Temp
TEMP=C:\Users\Azer\AppData\Local\Temp




Periodic native trim disabled

---------------  S Y S T E M  ---------------

OS:
 Windows 11 , 64 bit Build 26100 (10.0.26100.8246)
OS uptime: 0 days 2:47 hours
Hyper-V role detected

CPU: total 8 (initial active 8) (4 cores per cpu, 2 threads per core) family 6 model 142 stepping 10 microcode 0xf6, cx8, cmov, fxsr, ht, mmx, 3dnowpref, sse, sse2, sse3, ssse3, sse4.1, sse4.2, popcnt, lzcnt, tsc, tscinvbit, avx, avx2, aes, erms, clmul, bmi1, bmi2, rtm, adx, fma, vzeroupper, clflush, clflushopt, hv, rdtscp, f16c
Processor Information for the first 8 processors :
  Max Mhz: 1896, Current Mhz: 1696, Mhz Limit: 1687

Memory: 4k page, system-wide physical 16262M (2516M free)
TotalPageFile size 17887M (AvailPageFile size 12M)
current process WorkingSet (physical memory assigned to process): 14M, peak: 14M
current process commit charge ("private bytes"): 61M, peak: 316M

vm_info: OpenJDK 64-Bit Server VM (24.0.1+9-30) for windows-amd64 JRE (24.0.1+9-30), built on 2025-03-05T07:23:45Z with MS VC++ 17.6 (VS2022)

END.
